#
# There is insufficient memory for the Java Runtime Environment to continue.
# Native memory allocation (mmap) failed to map 132120576 bytes for Failed to commit area from 0x0000000082c00000 to 0x000000008aa00000 of length 132120576.
# Possible reasons:
#   The system is out of physical RAM or swap space
#   The process is running with CompressedOops enabled, and the Java Heap may be blocking the growth of the native heap
# Possible solutions:
#   Reduce memory load on the system
#   Increase physical memory or swap space
#   Check if swap backing store is full
#   Decrease Java heap size (-Xmx/-Xms)
#   Decrease number of Java threads
#   Decrease Java thread stack sizes (-Xss)
#   Set larger code cache with -XX:ReservedCodeCacheSize=
# This output file may be truncated or incomplete.
#
#  Out of Memory Error (./open/src/hotspot/os/windows/os_windows.cpp:3273), pid=10188, tid=8512
#
# JRE version:  (11.0.12+8) (build )
# Java VM: Java HotSpot(TM) 64-Bit Server VM (11.0.12+8-LTS-237, mixed mode, sharing, tiered, compressed oops, g1 gc, windows-amd64)
# No core dump will be written. Minidumps are not enabled by default on client versions of Windows
#

---------------  S U M M A R Y ------------

Command Line: -javaagent:C:\Program Files\JetBrains\IntelliJ IDEA Community Edition 2021.3.2\lib\idea_rt.jar=51354:C:\Program Files\JetBrains\IntelliJ IDEA Community Edition 2021.3.2\bin -Dfile.encoding=UTF-8 sep3.Main11

Host: Intel(R) Core(TM) i5-8265U CPU @ 1.60GHz, 8 cores, 7G,  Windows 10 , 64 bit Build 22621 (10.0.22621.3958)
Time: Tue Sep  3 21:14:15 2024 Eastern Daylight Time elapsed time: 0.257180 seconds (0d 0h 0m 0s)

---------------  T H R E A D  ---------------

Current thread (0x0000027ac1e63800):  JavaThread "Unknown thread" [_thread_in_vm, id=8512, stack(0x000000fdf8400000,0x000000fdf8500000)]

Stack: [0x000000fdf8400000,0x000000fdf8500000]
Native frames: (J=compiled Java code, j=interpreted, Vv=VM code, C=native code)
V  [jvm.dll+0x617d9a]
V  [jvm.dll+0x74eeef]
V  [jvm.dll+0x750599]
V  [jvm.dll+0x750c23]
V  [jvm.dll+0x2438d8]
V  [jvm.dll+0x61518a]
V  [jvm.dll+0x609f45]
V  [jvm.dll+0x2f85cc]
V  [jvm.dll+0x2f8452]
V  [jvm.dll+0x2fd106]
V  [jvm.dll+0x33f6ef]
V  [jvm.dll+0x33f120]
V  [jvm.dll+0x2d5ca8]
V  [jvm.dll+0x2d6e06]
V  [jvm.dll+0x72a977]
V  [jvm.dll+0x72c21f]
V  [jvm.dll+0x34c469]
V  [jvm.dll+0x710400]
V  [jvm.dll+0x3b5baf]
V  [jvm.dll+0x3b7cb1]
C  [jli.dll+0x520b]
C  [ucrtbase.dll+0x29333]
C  [KERNEL32.DLL+0x1257d]
C  [ntdll.dll+0x5af28]


---------------  P R O C E S S  ---------------

Threads class SMR info:
_java_thread_list=0x0000027abfcd5db0, length=0, elements={
}

Java Threads: ( => current thread )

Other Threads:
  0x0000027ac1e78800 GCTaskThread "GC Thread#0" [stack: 0x000000fdf8500000,0x000000fdf8600000] [id=2748]
  0x0000027abfdad800 ConcurrentGCThread "G1 Main Marker" [stack: 0x000000fdf8600000,0x000000fdf8700000] [id=7868]
  0x0000027ac1ea8000 ConcurrentGCThread "G1 Conc#0" [stack: 0x000000fdf8700000,0x000000fdf8800000] [id=13612]

[error occurred during error reporting (printing all threads), id 0xc0000005, EXCEPTION_ACCESS_VIOLATION (0xc0000005) at pc=0x00007ff8197b4f37]

VM state:not at safepoint (not fully initialized)

VM Mutex/Monitor currently owned by a thread:  ([mutex/lock_event])
[0x0000027ac1e5ff50] Heap_lock - owner thread: 0x0000027ac1e63800

Heap address: 0x0000000082c00000, size: 2004 MB, Compressed Oops mode: Non-zero based: 0x0000000082c00000
Narrow klass base: 0x0000000000000000, Narrow klass shift: 0

GC Heap History (0 events):
No events

Deoptimization events (0 events):
No events

Classes redefined (0 events):
No events

Internal exceptions (0 events):
No events

Events (0 events):
No events


Dynamic libraries:
0x00007ff661f30000 - 0x00007ff661f3f000 	C:\Program Files\Java\jdk-11.0.12\bin\java.exe
0x00007ff89eeb0000 - 0x00007ff89f0c7000 	C:\WINDOWS\SYSTEM32\ntdll.dll
0x00007ff89de90000 - 0x00007ff89df54000 	C:\WINDOWS\System32\KERNEL32.DLL
0x00007ff89c280000 - 0x00007ff89c62d000 	C:\WINDOWS\System32\KERNELBASE.dll
0x00007ff89c960000 - 0x00007ff89ca71000 	C:\WINDOWS\System32\ucrtbase.dll
0x00007ff891a90000 - 0x00007ff891aa5000 	C:\Program Files\Java\jdk-11.0.12\bin\VCRUNTIME140.dll
0x00007ff883290000 - 0x00007ff8832a8000 	C:\Program Files\Java\jdk-11.0.12\bin\jli.dll
0x00007ff89d220000 - 0x00007ff89d2d2000 	C:\WINDOWS\System32\ADVAPI32.dll
0x00007ff89ec60000 - 0x00007ff89ed07000 	C:\WINDOWS\System32\msvcrt.dll
0x00007ff89db10000 - 0x00007ff89dbb9000 	C:\WINDOWS\System32\sechost.dll
0x00007ff89cbb0000 - 0x00007ff89cbd8000 	C:\WINDOWS\System32\bcrypt.dll
0x00007ff89dd70000 - 0x00007ff89de84000 	C:\WINDOWS\System32\RPCRT4.dll
0x00007ff89dbc0000 - 0x00007ff89dd6e000 	C:\WINDOWS\System32\USER32.dll
0x00007ff89c250000 - 0x00007ff89c276000 	C:\WINDOWS\System32\win32u.dll
0x00007ff885680000 - 0x00007ff885913000 	C:\WINDOWS\WinSxS\amd64_microsoft.windows.common-controls_6595b64144ccf1df_6.0.22621.3672_none_2713b9d173822955\COMCTL32.dll
0x00007ff89cdd0000 - 0x00007ff89cdf9000 	C:\WINDOWS\System32\GDI32.dll
0x00007ff89c630000 - 0x00007ff89c749000 	C:\WINDOWS\System32\gdi32full.dll
0x00007ff89c8c0000 - 0x00007ff89c95a000 	C:\WINDOWS\System32\msvcp_win.dll
0x00007ff892c70000 - 0x00007ff892c7a000 	C:\WINDOWS\SYSTEM32\VERSION.dll
0x00007ff89cbe0000 - 0x00007ff89cc11000 	C:\WINDOWS\System32\IMM32.DLL
0x00007ff86d5a0000 - 0x00007ff86d63b000 	C:\Program Files\Java\jdk-11.0.12\bin\msvcp140.dll
0x00007ff8194d0000 - 0x00007ff819fcf000 	C:\Program Files\Java\jdk-11.0.12\bin\server\jvm.dll
0x00007ff89d620000 - 0x00007ff89d628000 	C:\WINDOWS\System32\PSAPI.DLL
0x00007ff8984d0000 - 0x00007ff8984d9000 	C:\WINDOWS\SYSTEM32\WSOCK32.dll
0x00007ff895610000 - 0x00007ff895644000 	C:\WINDOWS\SYSTEM32\WINMM.dll
0x00007ff89d520000 - 0x00007ff89d591000 	C:\WINDOWS\System32\WS2_32.dll
0x00007ff89b1c0000 - 0x00007ff89b1d8000 	C:\WINDOWS\SYSTEM32\kernel.appcore.dll
0x00007ff896b30000 - 0x00007ff896b40000 	C:\Program Files\Java\jdk-11.0.12\bin\verify.dll
0x00007ff899d30000 - 0x00007ff899f62000 	C:\WINDOWS\SYSTEM32\DBGHELP.DLL
0x00007ff89df60000 - 0x00007ff89e2ed000 	C:\WINDOWS\System32\combase.dll
0x00007ff89ed90000 - 0x00007ff89ee67000 	C:\WINDOWS\System32\OLEAUT32.dll
0x00007ff87c620000 - 0x00007ff87c652000 	C:\WINDOWS\SYSTEM32\dbgcore.DLL
0x00007ff89c1d0000 - 0x00007ff89c24b000 	C:\WINDOWS\System32\bcryptPrimitives.dll
0x00007ff87dfd0000 - 0x00007ff87dff8000 	C:\Program Files\Java\jdk-11.0.12\bin\java.dll
0x00007ff8969d0000 - 0x00007ff8969da000 	C:\Program Files\Java\jdk-11.0.12\bin\jimage.dll
0x00007ff8860e0000 - 0x00007ff8860ee000 	C:\Program Files\Java\jdk-11.0.12\bin\instrument.dll
0x00007ff882e80000 - 0x00007ff882e96000 	C:\Program Files\Java\jdk-11.0.12\bin\zip.dll

dbghelp: loaded successfully - version: 4.0.5 - missing functions: none
symbol engine: initialized successfully - sym options: 0x614 - pdb path: .;C:\Program Files\Java\jdk-11.0.12\bin;C:\WINDOWS\SYSTEM32;C:\WINDOWS\WinSxS\amd64_microsoft.windows.common-controls_6595b64144ccf1df_6.0.22621.3672_none_2713b9d173822955;C:\Program Files\Java\jdk-11.0.12\bin\server

VM Arguments:
jvm_args: -javaagent:C:\Program Files\JetBrains\IntelliJ IDEA Community Edition 2021.3.2\lib\idea_rt.jar=51354:C:\Program Files\JetBrains\IntelliJ IDEA Community Edition 2021.3.2\bin -Dfile.encoding=UTF-8 
java_command: sep3.Main11
java_class_path (initial): C:\Users\HP\IdeaProjects\MyProjectRegina\out\production\MyProjectRegina
Launcher Type: SUN_STANDARD

[Global flags]
     intx CICompilerCount                          = 4                                         {product} {ergonomic}
     uint ConcGCThreads                            = 2                                         {product} {ergonomic}
     uint G1ConcRefinementThreads                  = 8                                         {product} {ergonomic}
   size_t G1HeapRegionSize                         = 1048576                                   {product} {ergonomic}
    uintx GCDrainStackTargetSize                   = 64                                        {product} {ergonomic}
   size_t InitialHeapSize                          = 132120576                                 {product} {ergonomic}
   size_t MarkStackSize                            = 4194304                                   {product} {ergonomic}
   size_t MaxHeapSize                              = 2101346304                                {product} {ergonomic}
   size_t MinHeapDeltaBytes                        = 1048576                                   {product} {ergonomic}
    uintx NonNMethodCodeHeapSize                   = 5836300                                {pd product} {ergonomic}
    uintx NonProfiledCodeHeapSize                  = 122910970                              {pd product} {ergonomic}
    uintx ProfiledCodeHeapSize                     = 122910970                              {pd product} {ergonomic}
    uintx ReservedCodeCacheSize                    = 251658240                              {pd product} {ergonomic}
     bool SegmentedCodeCache                       = true                                      {product} {ergonomic}
     bool UseCompressedClassPointers               = true                                 {lp64_product} {ergonomic}
     bool UseCompressedOops                        = true                                 {lp64_product} {ergonomic}
     bool UseG1GC                                  = true                                      {product} {ergonomic}
     bool UseLargePagesIndividualAllocation        = false                                  {pd product} {ergonomic}

Logging:
Log output configuration:
 #0: stdout all=warning uptime,level,tags
 #1: stderr all=off uptime,level,tags

Environment Variables:
JAVA_HOME=C:\Program Files\Java\jdk-11.0.12
JRE_HOME=C:\Program Files\Java\jdk-11.0.12
PATH=C:\Program Files\Common Files\Oracle\Java\javapath;C:\ProgramData\Oracle\Java\javapath;C:\Program Files (x86)\Intel\Intel(R) Management Engine Components\iCLS\;C:\Program Files\Intel\Intel(R) Management Engine Components\iCLS\;C:\WINDOWS\system32;C:\WINDOWS;C:\WINDOWS\System32\Wbem;C:\WINDOWS\System32\WindowsPowerShell\v1.0\;C:\WINDOWS\System32\OpenSSH\;C:\Program Files (x86)\Intel\Intel(R) Management Engine Components\DAL;C:\Program Files\Intel\Intel(R) Management Engine Components\DAL;C:\Program Files\Intel\WiFi\bin\;C:\Program Files\Common Files\Intel\WirelessCommon\;C:\Program Files\Java\jdk-11.0.12\bin;D:\apache-maven-3.8.4\bin;D:\apache-maven-3.8.4\bin;%JRE_HOME%\bin;C:\Program Files\Git\cmd;C:\Users\HP\python\Scripts\;C:\Users\HP\python\;C:\Users\HP\AppData\Local\Microsoft\WindowsApps;C:\Program Files\JetBrains\IntelliJ IDEA Community Edition 2021.3.2\bin;;D:\gradle-7.4-bin\gradle-7.4\bin;%SPARK_HOME%\bin;%HADOOP_HOME%\bin;;C:\Program Files\JetBrains\PyCharm Community Edition 2024.1.2\bin;
USERNAME=HP
OS=Windows_NT
PROCESSOR_IDENTIFIER=Intel64 Family 6 Model 142 Stepping 11, GenuineIntel



---------------  S Y S T E M  ---------------

OS: Windows 10 , 64 bit Build 22621 (10.0.22621.3958)
Hyper-V role detected

CPU:total 8 (initial active 8) (4 cores per cpu, 2 threads per core) family 6 model 142 stepping 11 microcode 0xde, cmov, cx8, fxsr, mmx, sse, sse2, sse3, ssse3, sse4.1, sse4.2, popcnt, avx, avx2, aes, clmul, erms, 3dnowpref, lzcnt, ht, tsc, tscinvbit, bmi1, bmi2, adx, fma

Memory: 4k page, system-wide physical 8013M (1065M free)
TotalPageFile size 9910M (AvailPageFile size 101M)
current process WorkingSet (physical memory assigned to process): 11M, peak: 11M
current process commit charge ("private bytes"): 60M, peak: 186M

vm_info: Java HotSpot(TM) 64-Bit Server VM (11.0.12+8-LTS-237) for windows-amd64 JRE (11.0.12+8-LTS-237), built on Jun  8 2021 11:25:59 by "mach5one" with MS VC++ 15.9 (VS2017)

END.
